
Anura3D: Numerical modelling and simulation of large deformationsand soil–water–structure interaction using the material point method (MPM)
Kernel name       : C:\Geotech_Research\Anura3D_Contact\Anura3D_Mohammad\VS\Release\Anura3D_2022.exe
Kernel version    : 2021.1.0.=
Last update date  :
Last compiled date: 2022-03-07 12:50:34.556

Project name:  shallow_tri_applied_load_mesh_025_strain_smooth_v2
Reading CPS file:  shallow_tri_applied_load_mesh_025_strain_smooth_v2.CPS_001
Reading... ### Anura3D_2022 ###
Reading GOM file (Materials):  shallow_tri_applied_load_mesh_025_strain_smooth_v2.GOM
Reading... ### Anura3D_2022 ###
Loading constitutive model... linear_elasticity
Loading constitutive model... mohr_coulomb
Reading GOM file (Geometry):  shallow_tri_applied_load_mesh_025_strain_smooth_v2.GOM
Reading... ### Anura3D_2022 ###
Calculation of load step      1
 MaxWaveSpeed :    0.1925E+003
 MinTimeStep  :    0.9185E-003
 TimeIncrement:    0.9001E-003
Calculation of load step      2
Calculation of load step      3
Calculation of load step      4
Calculation of load step      5
Calculation of load step      6
Calculation of load step      7
Calculation of load step      8
Calculation of load step      9
Calculation of load step     10
  Item  Name of subroutine/function/procedure        Times Time per call Total time (se Percentage
     1| Main                                    |        1|   0.4458E+004|   0.4458E+004|100.00%
     2| Initialisation                          |        1|   0.0000E+000|   0.0000E+000|  0.00%
     3| LoadStep                                |       10|   0.4457E+003|   0.4457E+004| 99.98%
     4| WriteResults                            |       10|   0.2424E+002|   0.2424E+003|  5.44%
Calculation finished.
