
Anura3D: Numerical modelling and simulation of large deformationsand soil–water–structure interaction using the material point method (MPM)
Kernel name       : C:\Geotech_Research\Anura3D_Contact\Anura3D_Mohammad\VS\Release\Anura3D_2022.exe
Kernel version    : 2021.1.0.=
Last update date  :
Last compiled date: 2022-03-07 12:50:34.556

Project name:  column_collapse_tri_Mixed_CFL_05_strain_smooth_v1_2
Reading CPS file:  column_collapse_tri_Mixed_CFL_05_strain_smooth_v1_2.CPS_003
Reading... ### Anura3D_2021 ###
[WARNING] : (time step:      1) Unknown flag in CPS file: $$UPDATE_PERMEABILITY_DARCY_ERGUN
Reading GOM file (Materials):  column_collapse_tri_Mixed_CFL_05_strain_smooth_v1_2.GOM
Reading... ### Anura3D_2022 ###
Loading constitutive model... mohr_coulomb
Loading constitutive model... linear_elasticity
Reading GOM file (Geometry):  column_collapse_tri_Mixed_CFL_05_strain_smooth_v1_2.GOM
Reading... ### Anura3D_2022 ###
Calculation of load step      3
Calculation of load step      4
Calculation of load step      5
Calculation of load step      6
Calculation of load step      7
Calculation of load step      8
Calculation of load step      9
Calculation of load step     10
Calculation of load step     11
Calculation of load step     12
Calculation of load step     13
Calculation of load step     14
Calculation of load step     15
Calculation of load step     16
Calculation of load step     17
Calculation of load step     18
Calculation of load step     19
Calculation of load step     20
Calculation of load step     21
Calculation of load step     22
Calculation of load step     23
Calculation of load step     24
Calculation of load step     25
Calculation of load step     26
Calculation of load step     27
Calculation of load step     28
Calculation of load step     29
Calculation of load step     30
Calculation of load step     31
Calculation of load step     32
Calculation of load step     33
Calculation of load step     34
Calculation of load step     35
Calculation of load step     36
Calculation of load step     37
Calculation of load step     38
Calculation of load step     39
Calculation of load step     40
Calculation of load step     41
Calculation of load step     42
Calculation of load step     43
Calculation of load step     44
Calculation of load step     45
Calculation of load step     46
Calculation of load step     47
Calculation of load step     48
Calculation of load step     49
Calculation of load step     50
Calculation of load step     51
Calculation of load step     52
  Item  Name of subroutine/function/procedure        Times Time per call Total time (se Percentage
     1| Main                                    |        1|   0.4818E+003|   0.4818E+003|100.00%
     2| Initialisation                          |        1|   0.0000E+000|   0.0000E+000|  0.00%
     3| LoadStep                                |       50|   0.9633E+001|   0.4817E+003| 99.97%
     4| WriteResults                            |       50|   0.3064E+001|   0.1532E+003| 31.80%
Calculation finished.
