
Anura3D: Numerical modelling and simulation of large deformationsand soil–water–structure interaction using the material point method (MPM)
Kernel name       : C:\Geotech_Research\Anura3D_Moore\src\VS\Release\Anura3D_2023.exe
Kernel version    : 2022.1.0.10029
Last update date  : 2023-06-29 15:32:28 +0200 (do, 29 jun 2023)
Last compiled date: 2023-06-30 09:29:57.817

Project name:  shallow_quad_applied_load_mesh_025_v2_3
Reading CPS file:  shallow_quad_applied_load_mesh_025_v2_3.CPS_001
Reading... ### Anura3D_2023 ###
Reading GOM file (Materials):  shallow_quad_applied_load_mesh_025_v2_3.GOM
Reading... ### Anura3D_2023 ###
Loading constitutive model... linear_elasticity
Loading constitutive model... mohr_coulomb
Reading GOM file (Geometry):  shallow_quad_applied_load_mesh_025_v2_3.GOM
Reading... ### Anura3D_2023 ###
Calculation of load step      1
 MaxWaveSpeed :    0.1925E+003
 MinTimeStep  :    0.6837E-003
 TimeIncrement:    0.6700E-003
Calculation of load step      2
Calculation of load step      3
