
Anura3D: Numerical modelling and simulation of large deformationsand soil–water–structure interaction using the material point method (MPM)
Kernel name       : C:\Geotech_Research\Anura3D_Moore\src\VS\Debug\Anura3D_2023.exe
Kernel version    : 2022.1.0.10029
Last update date  : 2023-06-29 15:32:28 +0200 (do, 29 jun 2023)
Last compiled date: 2023-06-30 09:29:57.817

Project name:  shallow_fndn_tri_load_MP_Smooth_v1_1
Reading CPS file:  shallow_fndn_tri_load_MP_Smooth_v1_1.CPS_001
Reading... ### Anura3D_2023 ###
Reading GOM file (Materials):  shallow_fndn_tri_load_MP_Smooth_v1_1.GOM
Reading... ### Anura3D_2023 ###
Loading constitutive model... linear_elasticity
Loading constitutive model... mohr_coulomb
Reading GOM file (Geometry):  shallow_fndn_tri_load_MP_Smooth_v1_1.GOM
Reading... ### Anura3D_2023 ###
Calculation of load step      1
 MaxWaveSpeed :    0.1925E+003
 MinTimeStep  :    0.1837E-002
 TimeIncrement:    0.1800E-002
Calculation of load step      2
Calculation of load step      3
Calculation of load step      4
Calculation of load step      5
Calculation of load step      6
  Item  Name of subroutine/function/procedure        Times Time per call Total time (se Percentage
     1| Main                                    |        1|   0.5586E+004|   0.5586E+004|100.00%
     2| Initialisation                          |        1|   0.0000E+000|   0.0000E+000|  0.00%
     3| LoadStep                                |        6|   0.9310E+003|   0.5586E+004| 99.99%
     4| WriteResults                            |        6|   0.9633E+001|   0.5780E+002|  1.03%
Calculation finished.
