
Anura3D: Numerical modelling and simulation of large deformationsand soilО©╫waterО©╫structure interaction using the material point method (MPM)
Kernel name       : /mnt/data/the_deep/Geotech_Research/Anura3D_Moore/build/ifort_C25AEFF5B15C1A79/app/Anura3D
Kernel version    : 2022.1.0.10029                                                                                                             лллллллллллллллллллллллллллллллллллллллллллллллллллллллллллллллллллллллллллллллллллллллллллллллллллллллллллллллллллллллллллллллллллллллллллллллллллллллллллллллллллллллллллллллллллллллллллллллллллллллллллллллллллллллллллллллллллллллллллллллллллллллллллллллллллллллллллллллллллллллллллллллллллллллллллллллллллллллллллллллллллллллллллллллллллллллллллллллллллллллллллллллллллллллллллллллллллллллллллллллллллллллллллллллллллллллллллллллллллллллллллллллллллллллллллллллллллллллллллллллллллллллллллллллллллллллллллллллллллллллллллллллллллллллллллллллллллллллллллллллллллллллллллллллллллллллллллллллллллллллллллллллллллллллллллллллллллллллллллллллллллллллллллллллллллллллллллллллллллллллллллллллллллллллллллллллллллллллллллллллллллллллллллллллллллллллллллллллллллллллллллллллллллллллллллллллллллллллллллллллллллллллллллллллллллллллллллллллллллллллллллллллллллллллллллллллллллллллллллллллллллллллллллллллллллл
Last update date  : 2023-06-29 15:32:28 +0200 (do, 29 jun 2023)                                                                                лллллллллллллллллллллллллллллллллллллллллллллллллллллллллллллллллллллллллллллллллллллллллллллллллллллллллллллллллллллллллллллллллллллллллллллллллллллллллллллллллллллллллллллллллллллллллллллллллллллллллллллллллллллллллллллллллллллллллллллллллллллллллллллллллллллллллллллллллллллллллллллллллллллллллллллллллллллллллллллллллллллллллллллллллллллллллллллллллллллллллллллллллллллллллллллллллллллллллллллллллллллллллллллллллллллллллллллллллллллллллллллллллллллллллллллллллллллллллллллллллллллллллллллллллллллллллллллллллллллллллллллллллллллллллллллллллллллллллллллллллллллллллллллллллллллллллллллллллллллллллллллллллллллллллллллллллллллллллллллллллллллллллллллллллллллллллллллллллллллллллллллллллллллллллллллллллллллллллллллллллллллллллллллллллллллллллллллллллллллллллллллллллллллллллллллллллллллллллллллллллллллллллллллллллллллллллллллллллллллллллллллллллллллллллллллллллллллллллллллллллллллллллллллллллллл
Last compiled date: 2023-06-30 09:29:57.817                                                                                                    лллллллллллллллллллллллллллллллллллллллллллллллллллллллллллллллллллллллллллллллллллллллллллллллллллллллллллллллллллллллллллллллллллллллллллллллллллллллллллллллллллллллллллллллллллллллллллллллллллллллллллллллллллллллллллллллллллллллллллллллллллллллллллллллллллллллллллллллллллллллллллллллллллллллллллллллллллллллллллллллллллллллллллллллллллллллллллллллллллллллллллллллллллллллллллллллллллллллллллллллллллллллллллллллллллллллллллллллллллллллллллллллллллллллллллллллллллллллллллллллллллллллллллллллллллллллллллллллллллллллллллллллллллллллллллллллллллллллллллллллллллллллллллллллллллллллллллллллллллллллллллллллллллллллллллллллллллллллллллллллллллллллллллллллллллллллллллллллллллллллллллллллллллллллллллллллллллллллллллллллллллллллллллллллллллллллллллллллллллллллллллллллллллллллллллллллллллллллллллллллллллллллллллллллллллллллллллллллллллллллллллллллллллллллллллллллллллллллллллллллллллллллллллллллллллл

Project name: column_collapse_quad_Mixed_MG22_CFL_05
Reading CPS file: column_collapse_quad_Mixed_MG22_CFL_05.CPS_001
Reading... ### Anura3D_2023 ###
[WARNING] : (time step:      1) CPS file: Default value of $$GRAVITY_ACCELERATION changed.
Reading GOM file (Materials): column_collapse_quad_Mixed_MG22_CFL_05.GOM
Reading... ### Anura3D_2023 ###
Loading constitutive model... mohr_coulomb
Loading constitutive model... linear_elasticity
Reading GOM file (Geometry): column_collapse_quad_Mixed_MG22_CFL_05.GOM
Reading... ### Anura3D_2023 ###
Calculation of load step      1
 MaxWaveSpeed :    0.9201E+002
 MinTimeStep  :    0.1087E-002
 TimeIncrement:    0.5434E-003
Calculation of load step      2
  Item  Name of subroutine/function/procedure        Times Time per call Total time (se Percentage
     1| Main                                    |        1|   0.4972E+003|   0.4972E+003|100.00%
     2| Initialisation                          |        1|   0.0000E+000|   0.0000E+000|  0.00%
     3| LoadStep                                |        2|   0.2485E+003|   0.4971E+003| 99.96%
     4| WriteResults                            |        2|   0.9218E+000|   0.1844E+001|  0.37%
Calculation finished.
